<html>
<body>
<pre>
<h1>µVision Build Log</h1>
<h2>Tool Versions:</h2>
IDE-Version: µVision V5.18.0.0
Copyright (C) 2016 ARM Ltd and ARM Germany GmbH. All rights reserved.
License Information: kh DKhanh, kd, LIC=WHYII-TMZS4-013P1-CJ63J-JBCKU-PXE43
 
Tool Versions:
Toolchain:       MDK-ARM Standard  Version: 5.18
Toolchain Path:  C:\Keil_v5\ARM\ARMCC\Bin
C Compiler:      Armcc.exe V5.06 update 1 (build 61)
Assembler:       Armasm.exe V5.06 update 1 (build 61)
Linker/Locator:  ArmLink.exe V5.06 update 1 (build 61)
Library Manager: ArmAr.exe V5.06 update 1 (build 61)
Hex Converter:   FromElf.exe V5.06 update 1 (build 61)
CPU DLL:         SARMCM3.DLL V5.18
Dialog DLL:      DCM.DLL V1.13.6.0
Target DLL:      STLink\ST-LINKIII-KEIL_SWO.dll V2.0.18.0
Dialog DLL:      TCM.DLL V1.14.8.0
 
<h2>Project:</h2>
E:\WorkSpace\STM32F4\Interrupt\MDK-ARM\EXIT.uvprojx
Project File Date:  03/20/2016

<h2>Output:</h2>
*** Using Compiler 'V5.06 update 1 (build 61)', folder: 'C:\Keil_v5\ARM\ARMCC\Bin'
Build target 'BallBot'
compiling Buzzer.c...
..\..\Interrupt\include.h(17): warning:  #1-D: last line of file ends without a newline
  #endif /* INCLUDE_H_ */
..\Include\Buzzer.h(18): warning:  #1295-D: Deprecated declaration buzzer_low_battery_notify - give arg types
  extern int buzzer_low_battery_notify();
..\Include\Buzzer.h(19): warning:  #1295-D: Deprecated declaration buzzer_low_battery_shutdown - give arg types
  extern int buzzer_low_battery_shutdown();
..\Source\Buzzer.c(17): warning:  #1295-D: Deprecated declaration buzzer_low_battery_notify - give arg types
  extern int buzzer_low_battery_notify();
..\Source\Buzzer.c(18): warning:  #1295-D: Deprecated declaration buzzer_low_battery_shutdown - give arg types
  extern int buzzer_low_battery_shutdown();
..\Source\Buzzer.c(94): warning:  #940-D: missing return statement at end of non-void function "buzzer_low_battery_notify"
  }
..\Source\Buzzer.c(102): warning:  #1-D: last line of file ends without a newline
  }
..\Source\Buzzer.c(102): warning:  #940-D: missing return statement at end of non-void function "buzzer_low_battery_shutdown"
  }
..\Source\Buzzer.c: 8 warnings, 0 errors
compiling main.c...
..\include.h(17): warning:  #1-D: last line of file ends without a newline
  #endif /* INCLUDE_H_ */
..\main.c(22): warning:  #223-D: function "buzzer_setsound" declared implicitly
  		buzzer_setsound(500);  // test Buzzer
..\main.c: 2 warnings, 0 errors
linking...
Program Size: Code=3080 RO-data=424 RW-data=56 ZI-data=1768  
".\Project\BallBot.axf" - 0 Error(s), 10 Warning(s).

<h2>Collection of Component include folders:</h2>
  E:\WorkSpace\STM32F4\Interrupt\MDK-ARM\RTE
  C:\Keil_v5\ARM\PACK\Keil\STM32F4xx_DFP\2.7.0\Drivers\CMSIS\Device\ST\STM32F4xx\Include

<h2>Collection of Component Files used:</h2>
Build Time Elapsed:  00:00:01
</pre>
</body>
</html>
